../Core/Src/Scheduler.c:8:6:ResetNode	16	static
../Core/Src/Scheduler.c:16:6:init_freelist	16	static
../Core/Src/Scheduler.c:23:6:list_init	8	static
../Core/Src/Scheduler.c:29:9:get_freeIndex	16	static
../Core/Src/Scheduler.c:38:6:back_freeIndex	16	static
../Core/Src/Scheduler.c:44:8:is_empty	4	static
../Core/Src/Scheduler.c:48:6:insert	24	static
../Core/Src/Scheduler.c:72:6:DeleteHead	4	static
../Core/Src/Scheduler.c:80:6:SCH_init	8	static
../Core/Src/Scheduler.c:85:6:SCH_Update	8	static
../Core/Src/Scheduler.c:93:6:SCH_Dispatch_Tasks	16	static
../Core/Src/Scheduler.c:110:10:SCH_Add_Task	32	static
../Core/Src/Scheduler.c:125:9:SCH_Delete_Task	32	static
